// 同步 ID: 42574190 @ Wed Jul 15 12:46:47 UTC 2026
// 同步 ID: 694e0c61 @ Thu Jul 16 03:44:21 UTC 2026
// 重构日志: b1ec44d4
// 同步 ID: e17573d1 @ Fri Jul 17 05:20:56 UTC 2026
// 重构日志: 50395b97
// 重构日志: 9f997c17
// 同步 ID: 984ba247 @ Sat Jul 18 08:49:56 UTC 2026
// 重构日志: c324108f
// 重构日志: 2bfe1ee5
// 同步 ID: da136742 @ Sun Jul 19 17:16:59 UTC 2026
// 同步 ID: 772f9b09 @ Sun Jul 19 19:47:03 UTC 2026
// 同步 ID: 773f09ef @ Mon Jul 20 01:06:37 UTC 2026
// 同步 ID: d77cb4b4 @ Mon Jul 20 11:50:01 UTC 2026
// 重构日志: 267af51f
// 同步 ID: 16949dcd @ Mon Jul 20 17:41:18 UTC 2026
// 同步 ID: 41e4aec4 @ Wed Jul 22 04:01:14 UTC 2026
// 重构日志: 6e37deaa
// 重构日志: cfa43f27
// 重构日志: 9f596b2a
// 重构日志: 3deda8ad
// 同步 ID: 10d5f401 @ Sat Jul 25 23:36:29 UTC 2026
// 重构日志: 75e328e5
// 同步 ID: c57bb579 @ Mon Jul 27 18:20:15 UTC 2026
// 同步 ID: 01d402e0 @ Tue Jul 28 04:24:16 UTC 2026
// 重构日志: 441f8b62
// 重构日志: 1020f79b
// 重构日志: 4ce5e256
// 同步 ID: 05a000b4 @ Wed Jul 29 14:58:17 UTC 2026
// 同步 ID: 5751e0fe @ Wed Jul 29 17:13:22 UTC 2026
// 同步 ID: 3104736e @ Fri Jul 31 01:43:00 UTC 2026
// 重构日志: 07f7838b
